../Core/Src/main.c:104:5:main	8	static
../Core/Src/main.c:171:6:SystemClock_Config	88	static
../Core/Src/main.c:218:13:MX_TIM6_Init	16	static
../Core/Src/main.c:256:13:MX_TIM7_Init	16	static
../Core/Src/main.c:294:13:MX_TIM10_Init	40	static
../Core/Src/main.c:340:13:MX_TIM11_Init	8	static
../Core/Src/main.c:371:13:MX_GPIO_Init	40	static
../Core/Src/main.c:436:6:setDir	16	static
../Core/Src/main.c:440:6:Vout2PWM	24	static
../Core/Src/main.c:454:6:HAL_TIM_PeriodElapsedCallback	16	static
../Core/Src/main.c:488:6:HAL_GPIO_EXTI_Callback	16	static
../Core/Src/main.c:510:6:Error_Handler	4	static,ignoring_inline_asm
